// Jest Snapshot v1, https://goo.gl/fbAQLP

exports[`should render a App 1`] = `
<div>
  Loading...
</div>
`;
